// Jest Snapshot v1, https://goo.gl/fbAQLP

exports[`Login.vue renders correctly 1`] = `
<div
  class="c-app flex-row align-items-center"
>
  <ccontainer-stub
    tag="div"
  >
    <crow-stub
      class="justify-content-center"
      gutters="true"
      tag="div"
    >
      <ccol-stub
        md="6"
        tag="div"
      >
        <ccard-stub
          class="p-4"
        >
          <ccardheader-stub>
            <h1>
              Вход
            </h1>
          </ccardheader-stub>
           
          <ccardbody-stub>
            <calert-stub
              color="primary"
              fade="true"
              show="true"
            >
              Требуется авторизация.
            </calert-stub>
             
            <cinput-stub
              label="Логин"
              lazy="400"
              type="text"
              value="admin"
            />
             
            <cinput-stub
              label="Пароль"
              lazy="400"
              type="password"
              value="admin"
            />
             
            <cbutton-stub
              activeclass="router-link-active"
              class="m-2"
              color="success"
              event="click"
              exactactiveclass="router-link-exact-active"
              routertag="a"
              target="_self"
              type="button"
            >
              Войти
            </cbutton-stub>
          </ccardbody-stub>
        </ccard-stub>
      </ccol-stub>
    </crow-stub>
  </ccontainer-stub>
</div>
`;
